#-----------------------------------------------------------
# Vivado v2024.2.1 (64-bit)
# SW Build 5266912 on Sun Dec 15 09:03:31 MST 2024
# IP Build 5264866 on Sun Dec 15 16:27:47 MST 2024
# SharedData Build 5264680 on Wed Dec 11 12:48:36 MST 2024
# Start of session at: Tue Jan  7 10:20:11 2025
# Process ID         : 228408
# Current directory  : /home/dart/vhdl_training/practical_6/practical_6/practical_6.runs/synth_1
# Command line       : vivado -log flip_flop.vds -product Vivado -mode batch -messageDb vivado.pb -notrace -source flip_flop.tcl
# Log file           : /home/dart/vhdl_training/practical_6/practical_6/practical_6.runs/synth_1/flip_flop.vds
# Journal file       : /home/dart/vhdl_training/practical_6/practical_6/practical_6.runs/synth_1/vivado.jou
# Running On         : localhost.localdomain
# Platform           : unknown
# Operating System   : unknown
# Processor Detail   : 12th Gen Intel(R) Core(TM) i5-1235U
# CPU Frequency      : 2200.000 MHz
# CPU Physical cores : 10
# CPU Logical cores  : 12
# Host memory        : 7674 MB
# Swap memory        : 8078 MB
# Total Virtual      : 15752 MB
# Available Virtual  : 10573 MB
#-----------------------------------------------------------
source flip_flop.tcl -notrace
